BEGIN 3:csr_interface:fast__2:work
    CsrOutPC :  1:csr_top:fast:work
    Address :  1:csr_top:fast:work
    clk :  1:csr_top:fast:work
    TrapIsSet :  1:csr_top:fast:work
    CsrIn :  1:csr_top:fast:work
    CsrOperation :  1:csr_top:fast:work
    ExternalInterrupt :  1:csr_top:fast:work
    Traps :  1:csr_top:fast:work
    CsrIndex :  1:csr_top:fast:work
    PC :  1:csr_top:fast:work
    CsrOut :  1:csr_top:fast:work
    CsrAccess :  1:csr_top:fast:work
    rst :  1:csr_top:fast:work
    RoundingMode :  1:csr_top:fast:work
    TimerInterrupt :  1:csr_top:fast:work
    Rs :  1:csr_top:fast:work
    SoftwareInterrupt :  1:csr_top:fast:work
    mret :  1:csr_top:fast:work
END 
