BEGIN 3:execute_interface:fast__2:work
    CsrOperationE :  1:execute_top:fast:work
    TrapIsSet :  1:execute_top:fast:work
    RdE :  1:execute_top:fast:work
    FPURegWriteM :  1:execute_top:fast:work
    funct3M :  1:execute_top:fast:work
    ForwardAE :  1:execute_top:fast:work
    ZeroM :  1:execute_top:fast:work
    RegWriteM :  1:execute_top:fast:work
    funct3E :  1:execute_top:fast:work
    UnderflowM :  1:execute_top:fast:work
    WriteDataM :  1:execute_top:fast:work
    ResultW :  1:execute_top:fast:work
    Rs2FE :  1:execute_top:fast:work
    SoftwareInterrupt :  1:execute_top:fast:work
    RD1E :  1:execute_top:fast:work
    ForwardFloatingAE :  1:execute_top:fast:work
    EbreakE :  1:execute_top:fast:work
    FPURegWriteE :  1:execute_top:fast:work
    MemWriteE :  1:execute_top:fast:work
    RD2FE :  1:execute_top:fast:work
    CsrIndexE :  1:execute_top:fast:work
    CsrOutPC :  1:execute_top:fast:work
    RegWriteE :  1:execute_top:fast:work
    MoveOperationM :  1:execute_top:fast:work
    CsrOutM :  1:execute_top:fast:work
    ForwardBE :  1:execute_top:fast:work
    InvalidDivM :  1:execute_top:fast:work
    PCPlus4M :  1:execute_top:fast:work
    BranchE :  1:execute_top:fast:work
    NaNM :  1:execute_top:fast:work
    RdM :  1:execute_top:fast:work
    PCPlus4E :  1:execute_top:fast:work
    RdFM :  1:execute_top:fast:work
    ExternalInterrupt :  1:execute_top:fast:work
    RD2E :  1:execute_top:fast:work
    ForwardFloatingBE :  1:execute_top:fast:work
    IllegaleInstructionE :  1:execute_top:fast:work
    clk :  1:execute_top:fast:work
    MoveOperationE :  1:execute_top:fast:work
    MRetE :  1:execute_top:fast:work
    FPUControlE :  1:execute_top:fast:work
    SelectorE :  1:execute_top:fast:work
    RdFE :  1:execute_top:fast:work
    CsrAccessE :  1:execute_top:fast:work
    MemWriteM :  1:execute_top:fast:work
    Rs1E :  1:execute_top:fast:work
    FPUOutM :  1:execute_top:fast:work
    SelectorM :  1:execute_top:fast:work
    JumpE :  1:execute_top:fast:work
    InfM :  1:execute_top:fast:work
    PCSrcE :  1:execute_top:fast:work
    ALUControlE :  1:execute_top:fast:work
    OverflowM :  1:execute_top:fast:work
    ALUOutM :  1:execute_top:fast:work
    SignImmE :  1:execute_top:fast:work
    Rs1FE :  1:execute_top:fast:work
    TimerInterrupt :  1:execute_top:fast:work
    rst :  1:execute_top:fast:work
    FPUOutW :  1:execute_top:fast:work
    EcallE :  1:execute_top:fast:work
    RoundModeE :  1:execute_top:fast:work
    ALUSrcE :  1:execute_top:fast:work
    RD1FE :  1:execute_top:fast:work
END 
