# vsim -c -sv_seed 1 execute_top "+UVM_TESTNAME=execute_test" -l execute_srl_seed1.log -do "run -all; quit -f" 
# Start time: 19:14:41 on Mar 10,2026
# ** Note: (vsim-8009) Loading existing optimized design _opt2
# //  Questa Sim-64
# //  Version 2024.1 win64 Feb  1 2024
# //
# // Unpublished work. Copyright 2024 Siemens
# //
# // This material contains trade secrets or otherwise confidential information
# // owned by Siemens Industry Software Inc. or its affiliates (collectively,
# // "SISW"), or its licensors. Access to and use of this information is strictly
# // limited as set forth in the Customer's applicable agreements with SISW.
# //
# // This material may not be copied, distributed, or otherwise disclosed outside
# // of the Customer's facilities without the express written permission of SISW,
# // and may not be used in any way not expressly authorized by SISW.
# //
# Loading sv_std.std
# Loading work.shared_pkg(fast)
# Loading work.csr_file_sv_unit(fast)
# Loading work.flp_sqrt_sv_unit(fast)
# Loading work.flp_div_sv_unit(fast)
# Loading work.flp_mul_sv_unit(fast)
# Loading work.flp_add_sub_sv_unit(fast)
# Loading work.risc_fpu_sv_unit(fast)
# Loading work.wallace_tree_sv_unit(fast)
# Loading work.risc_alu_sv_unit(fast)
# Loading work.execute_stage_sv_unit(fast)
# Loading work.execute_interface(fast)
# Loading mtiUvm.uvm_pkg(fast)
# Loading work.execute_item_pkg(fast)
# Loading work.execute_interface_sv_unit(fast)
# Loading work.execute_seq_pkg(fast)
# Loading work.execute_subscriber_pkg(fast)
# Loading work.execute_scoreboard_pkg(fast)
# Loading work.execute_config_pkg(fast)
# Loading work.execute_monitor_pkg(fast)
# Loading work.execute_driver_pkg(fast)
# Loading work.execute_agent_pkg(fast)
# Loading work.execute_env_pkg(fast)
# Loading work.execute_test_pkg(fast)
# Loading mtiUvm.questa_uvm_pkg(fast)
# Loading work.execute_top(fast)
# Loading work.non_restoring_divider(fast)
# Loading C:/questasim64_2024.1/uvm-1.1d\win64\uvm_dpi.dll
# run -all
# ----------------------------------------------------------------
# UVM-1.1d
# (C) 2007-2013 Mentor Graphics Corporation
# (C) 2007-2013 Cadence Design Systems, Inc.
# (C) 2006-2013 Synopsys, Inc.
# (C) 2011-2013 Cypress Semiconductor Corp.
# ----------------------------------------------------------------
# 
#   ***********       IMPORTANT RELEASE NOTES         ************
# 
#   You are using a version of the UVM library that has been compiled
#   with `UVM_NO_DEPRECATED undefined.
#   See http://www.eda.org/svdb/view.php?id=3313 for more details.
# 
#   You are using a version of the UVM library that has been compiled
#   with `UVM_OBJECT_MUST_HAVE_CONSTRUCTOR undefined.
#   See http://www.eda.org/svdb/view.php?id=3770 for more details.
# 
#       (Specify +UVM_NO_RELNOTES to turn off this notice)
# 
# UVM_INFO verilog_src/questa_uvm_pkg-1.2/src/questa_uvm_pkg.sv(277) @ 0: reporter [Questa UVM] QUESTA_UVM-1.2.3
# UVM_INFO verilog_src/questa_uvm_pkg-1.2/src/questa_uvm_pkg.sv(278) @ 0: reporter [Questa UVM]  questa_uvm::init(+struct)
# UVM_INFO @ 0: reporter [RNTST] Running test execute_test...
# UVM_INFO @ 0: reporter [UVMTOP] UVM testbench topology:
# --------------------------------------------------------------
# Name                       Type                    Size  Value
# --------------------------------------------------------------
# uvm_test_top               execute_test            -     @472 
#   env                      execute_env             -     @485 
#     agent                  execute_agent           -     @499 
#       drv                  execute_driver          -     @530 
#         rsp_port           uvm_analysis_port       -     @545 
#         seq_item_port      uvm_seq_item_pull_port  -     @537 
#       mon                  execute_monitor         -     @662 
#         mon_port           uvm_analysis_port       -     @669 
#       seq                  uvm_sequencer           -     @553 
#         rsp_export         uvm_analysis_export     -     @560 
#         seq_item_export    uvm_seq_item_pull_imp   -     @654 
#         arbitration_queue  array                   0     -    
#         lock_queue         array                   0     -    
#         num_last_reqs      integral                32    'd1  
#         num_last_rsps      integral                32    'd1  
#     scoreboard             execute_scoreboard      -     @506 
#       sc_port              uvm_analysis_imp        -     @686 
#     sub                    uvm_component           -     @513 
#       analysis_imp         uvm_analysis_imp        -     @520 
# --------------------------------------------------------------
# 
# Values nan/7fc00000 and nan/7fffffff differ  @                 455 , Operation: FADD_S, FPUInputA = nan, FPUInputB = -3673373.000000
# Values -0.000000/80000000 and 0.000000/0 differ  @                1645 , Operation: FSUB_S, FPUInputA = -0.000061, FPUInputB = -0.000061
# Values -0.000000/80000000 and 0.000000/0 differ  @                3185 , Operation: FSUB_S, FPUInputA = -0.000000, FPUInputB = -0.000000
# Values -0.000000/80000000 and 0.000000/0 differ  @               26295 , Operation: FSUB_S, FPUInputA = -13550970990787632824320.000000, FPUInputB = -13550970990787632824320.000000
# Values nan/7fc00000 and nan/7fffffff differ  @               32015 , Operation: FSUB_S, FPUInputA = -0.000000, FPUInputB = nan
# Values nan/7fc00000 and nan/7fffffff differ  @               34115 , Operation: FADD_S, FPUInputA = nan, FPUInputB = 1530029620068352.000000
# Values -0.000000/80000000 and 0.000000/0 differ  @               35155 , Operation: FSUB_S, FPUInputA = -0.000000, FPUInputB = -0.000000
# Values nan/7fc00000 and -nan/ffff5332 differ  @               36815 , Operation: FADD_S, FPUInputA = -nan, FPUInputB = -nan
# Values nan/7fc00000 and nan/7fffffff differ  @               45215 , Operation: FADD_S, FPUInputA = nan, FPUInputB = 16752950508519424.000000
# Values -0.000000/80000000 and 0.000000/0 differ  @               47925 , Operation: FSUB_S, FPUInputA = -7789698484432535552.000000, FPUInputB = -7789698484432535552.000000
# Values -0.000000/80000000 and 0.000000/0 differ  @               50055 , Operation: FSUB_S, FPUInputA = -9.286677, FPUInputB = -9.286677
# Values nan/7fc00000 and nan/7fffffff differ  @               51105 , Operation: FADD_S, FPUInputA = -0.000000, FPUInputB = nan
# Values -0.000000/80000000 and 0.000000/0 differ  @               52655 , Operation: FSUB_S, FPUInputA = -0.000000, FPUInputB = -0.000000
# Values -0.000000/80000000 and 0.000000/0 differ  @               57535 , Operation: FSUB_S, FPUInputA = -0.000015, FPUInputB = -0.000015
# Values -0.000000/80000000 and 0.000000/0 differ  @               58175 , Operation: FSUB_S, FPUInputA = -301358146234380799394803053756416.000000, FPUInputB = -301358146234380799394803053756416.000000
# Values nan/7fc00000 and nan/7fffffff differ  @               58825 , Operation: FSUB_S, FPUInputA = 6617620042018432819578842120192.000000, FPUInputB = nan
# Values nan/7fc00000 and nan/7fc55b61 differ  @               59265 , Operation: FSUB_S, FPUInputA = nan, FPUInputB = 0.000000
# Values -0.000000/80000000 and 0.000000/0 differ  @               65845 , Operation: FSUB_S, FPUInputA = -0.000000, FPUInputB = -0.000000
# Values -0.000000/80000000 and 0.000000/0 differ  @               66605 , Operation: FSUB_S, FPUInputA = -52273411304456192.000000, FPUInputB = -52273411304456192.000000
# Values nan/7fc00000 and nan/7fffffff differ  @               68825 , Operation: FSUB_S, FPUInputA = nan, FPUInputB = nan
# Values -0.000000/80000000 and 0.000000/0 differ  @               73575 , Operation: FSUB_S, FPUInputA = -1110863616.000000, FPUInputB = -1110863616.000000
# Values nan/7fc00000 and nan/7fffffff differ  @               74335 , Operation: FADD_S, FPUInputA = nan, FPUInputB = -102844493463552.000000
# Values nan/7fc00000 and nan/7fffffff differ  @               80115 , Operation: FSUB_S, FPUInputA = nan, FPUInputB = nan
# Values nan/7fc00000 and nan/7fffffff differ  @               82145 , Operation: FADD_S, FPUInputA = nan, FPUInputB = 0.017838
# Values -0.000000/80000000 and 0.000000/0 differ  @               83165 , Operation: FSUB_S, FPUInputA = -14890914268312676924160737280.000000, FPUInputB = -14890914268312676924160737280.000000
# Values -0.000000/80000000 and 0.000000/0 differ  @               83315 , Operation: FSUB_S, FPUInputA = -25882.564453, FPUInputB = -25882.564453
# Values -0.000000/80000000 and 0.000000/0 differ  @               84255 , Operation: FSUB_S, FPUInputA = -0.000000, FPUInputB = -0.000000
# Values -0.000000/80000000 and 0.000000/0 differ  @               87025 , Operation: FSUB_S, FPUInputA = -27306321525006740000495108096.000000, FPUInputB = -27306321525006740000495108096.000000
# Values -0.000000/80000000 and 0.000000/0 differ  @               89065 , Operation: FSUB_S, FPUInputA = -3802688.000000, FPUInputB = -3802688.000000
# ** Error (suppressible): (vsim-8630) Infinity results from division operation.
#    Time: 91345 ns  Iteration: 4  Process: /uvm_pkg::uvm_task_phase::execute/#FORK#137(#ublk#215181159#137)_7ff4f62ea5c File: C:/Ain_shams/RiscV/Verification/Execute/execute_scoreboard_pkg.sv Line: 854
# UVM_INFO C:/Ain_shams/RiscV/Verification/Execute/execute_scoreboard_pkg.sv(1183) @ 91345: uvm_test_top.env.scoreboard [SCB] Actual output OverflowM = 0 -- OverflowM = 1 , operation = FDIV_S , FPUOutM = -inf , ff800000 , InA = -inf , InB = 0.000000
# Values -0.000000/80000000 and -0.000000/803a4341 differ  @               96225 , Operation: FADD_S, FPUInputA = -0.000000, FPUInputB = 0.000000
# UVM_INFO C:/Ain_shams/RiscV/Verification/Execute/execute_scoreboard_pkg.sv(1188) @ 96225: uvm_test_top.env.scoreboard [SCB] Actual output UnderflowM = 1 -- UnderflowM = 0 , operation = FADD_S , FPUOutM = -0.000000 , 803a4341 , InA = -0.000000 , InB = 0.000000
# UVM_INFO C:/Ain_shams/RiscV/Verification/Execute/execute_scoreboard_pkg.sv(1203) @ 96225: uvm_test_top.env.scoreboard [SCB] Actual output ZeroM = 1 -- ZeroM = 0, operation = FADD_S, FPUOutM = -0.000000 , 803a4341 , InA = -0.000000 , InB = 0.000000
# Values 0.000000/0 and 0.000000/5 differ  @              100045 , Operation: FMUL_S, FPUInputA = -0.000000, FPUInputB = -0.000000
# UVM_INFO C:/Ain_shams/RiscV/Verification/Execute/execute_scoreboard_pkg.sv(1188) @ 100045: uvm_test_top.env.scoreboard [SCB] Actual output UnderflowM = 1 -- UnderflowM = 0 , operation = FMUL_S , FPUOutM = 0.000000 , 5 , InA = -0.000000 , InB = -0.000000
# UVM_INFO C:/Ain_shams/RiscV/Verification/Execute/execute_scoreboard_pkg.sv(1203) @ 100045: uvm_test_top.env.scoreboard [SCB] Actual output ZeroM = 1 -- ZeroM = 0, operation = FMUL_S, FPUOutM = 0.000000 , 5 , InA = -0.000000 , InB = -0.000000
# UVM_INFO verilog_src/uvm-1.1d/src/base/uvm_objection.svh(1267) @ 100047: reporter [TEST_DONE] 'run' phase is ready to proceed to the 'extract' phase
# UVM_INFO C:/Ain_shams/RiscV/Verification/Execute/execute_scoreboard_pkg.sv(1225) @ 100047: uvm_test_top.env.scoreboard [SCB] sc_itemoreboard report
# UVM_INFO C:/Ain_shams/RiscV/Verification/Execute/execute_scoreboard_pkg.sv(1226) @ 100047: uvm_test_top.env.scoreboard [SCB] Actual Success count = 5229
# UVM_INFO C:/Ain_shams/RiscV/Verification/Execute/execute_scoreboard_pkg.sv(1227) @ 100047: uvm_test_top.env.scoreboard [SCB] Actual Fail count = 36
# 
# --- UVM Report Summary ---
# 
# ** Report counts by severity
# UVM_INFO :   13
# UVM_WARNING :    0
# UVM_ERROR :    0
# UVM_FATAL :    0
# ** Report counts by id
# [Questa UVM]     2
# [RNTST]     1
# [SCB]     8
# [TEST_DONE]     1
# [UVMTOP]     1
# ** Note: $finish    : C:/questasim64_2024.1/win64/../verilog_src/uvm-1.1d/src/base/uvm_root.svh(430)
#    Time: 100047 ns  Iteration: 62  Instance: /execute_top
# End time: 19:14:43 on Mar 10,2026, Elapsed time: 0:00:02
# Errors: 1, Warnings: 0
